base
base-devel
bat
bc
bluez
bluez-utils
brightnessctl
btop
cairo
catppuccin-cursors-mocha
catppuccin-gtk-theme-mocha
cava
chafa
clang
cliphist
cmake
cpio
curl
dart-sass
eww
fastfetch
fd
ffmpeg
firefox
fish
fontconfig
fuse
fzf
gcc
git
glaze
gnupg
grub
gst-libav
gst-plugin-pipewire
gst-plugins-bad
gst-plugins-base
gst-plugins-good
gst-plugins-ugly
gstreamer
gtk-layer-shell
gtk3
gtksourceview3
gvfs
gvfs-mtp
hyprland
hyprland-protocols
hyprlock
hyprpaper
hyprpicker
hyprshot
hyprsunset
imagemagick
keyd
kitty
less
lib32-vulkan-swrast
libgtop
libjpeg
libnotify
libpng
libpulse
libsoup3
libultrahdr
libwebp
linux-zen
linux-zen-headers
loupe
lz4
man-db
mesa
meson
mpv
mtp
mtpfs
nautilus
neovim
networkmanager
noto-fonts
noto-fonts-cjk
noto-fonts-emoji
noto-fonts-extra
nwg-dock-hyprland
nwg-drawer
nwg-look
oh-my-posh-bin
pacman-contrib
pamixer
pango
paru
pavucontrol
perl
pipewire
pipewire-alsa
pipewire-jack
pipewire-pulse
pkg-config
playerctl
pokego-bin
polkit-kde-agent
power-profiles-daemon
python
qt5-graphicaleffects
qt5-quickcontrols2
qt5-svg
qt5-wayland
qt6-wayland
rate-mirrors
resources
ripgrep
rofi-wayland
rsync
rustup
sddm
sh
smartmontools
socat
stow
tmux
tree
ttf-firacode-nerd
unzip
upower
vi
vulkan-swrast
vulkan-tools
wayland
waypaper
wev
wf-recorder
wget
wireless_tools
wireplumber
wl-clipboard
woff2-font-awesome
wpa_supplicant
xdg-desktop-portal-hyprland
xdg-utils
xf86-input-libinput
xorg-server
xorg-xinit
xorg-xwayland
yank
yay
yazi
zoxide
